Archive member included to satisfy reference by file (symbol)

/usr/lib/gcc/avr/14.1.0/avr5/libgcc.a(_exit.o)
                              /usr/lib/gcc/avr/14.1.0/../../../../avr/lib/avr5/crtatmega324pa.o (exit)
/usr/lib/gcc/avr/14.1.0/avr5/libgcc.a(_tablejump2.o)
                              main.o (__tablejump2__)
/usr/lib/gcc/avr/14.1.0/avr5/libgcc.a(_clear_bss.o)
                              main.o (__do_clear_bss)

There are no discarded input sections

Memory Configuration

Name             Origin             Length             Attributes
text             0x00000000         0x00008000         xr
data             0x00800100         0x00000800         rw!x
eeprom           0x00810000         0x00000400         rw!x
fuse             0x00820000         0x00000003         rw!x
lock             0x00830000         0x00000400         rw!x
signature        0x00840000         0x00000400         rw!x
user_signatures  0x00850000         0x00000400         rw!x
*default*        0x00000000         0xffffffff

Linker script and memory map

Address of section .data set to 0x800100
LOAD /usr/lib/gcc/avr/14.1.0/../../../../avr/lib/avr5/crtatmega324pa.o
LOAD main.o
LOAD /usr/lib/gcc/avr/14.1.0/../../../../avr/lib/avr5/libm.a
START GROUP
LOAD /usr/lib/gcc/avr/14.1.0/avr5/libgcc.a
LOAD /usr/lib/gcc/avr/14.1.0/../../../../avr/lib/avr5/libm.a
LOAD /usr/lib/gcc/avr/14.1.0/../../../../avr/lib/avr5/libc.a
LOAD /usr/lib/gcc/avr/14.1.0/../../../../avr/lib/avr5/libatmega324pa.a
END GROUP
                [0x00000000]                      __TEXT_REGION_ORIGIN__ = DEFINED (__TEXT_REGION_ORIGIN__)?__TEXT_REGION_ORIGIN__:0x0
                [0x00008000]                      __TEXT_REGION_LENGTH__ = DEFINED (__TEXT_REGION_LENGTH__)?__TEXT_REGION_LENGTH__:0x20000
                [0x00800100]                      __DATA_REGION_ORIGIN__ = DEFINED (__DATA_REGION_ORIGIN__)?__DATA_REGION_ORIGIN__:0x800060
                [0x00000800]                      __DATA_REGION_LENGTH__ = DEFINED (__DATA_REGION_LENGTH__)?__DATA_REGION_LENGTH__:0xffa0
                [0x00000400]                      __EEPROM_REGION_LENGTH__ = DEFINED (__EEPROM_REGION_LENGTH__)?__EEPROM_REGION_LENGTH__:0x10000
                [0x00000003]                      __FUSE_REGION_LENGTH__ = DEFINED (__FUSE_REGION_LENGTH__)?__FUSE_REGION_LENGTH__:0x400
                0x00000400                        __LOCK_REGION_LENGTH__ = DEFINED (__LOCK_REGION_LENGTH__)?__LOCK_REGION_LENGTH__:0x400
                0x00000400                        __SIGNATURE_REGION_LENGTH__ = DEFINED (__SIGNATURE_REGION_LENGTH__)?__SIGNATURE_REGION_LENGTH__:0x400
                0x00000400                        __USER_SIGNATURE_REGION_LENGTH__ = DEFINED (__USER_SIGNATURE_REGION_LENGTH__)?__USER_SIGNATURE_REGION_LENGTH__:0x400

.hash
 *(.hash)

.dynsym
 *(.dynsym)

.dynstr
 *(.dynstr)

.gnu.version
 *(.gnu.version)

.gnu.version_d
 *(.gnu.version_d)

.gnu.version_r
 *(.gnu.version_r)

.rel.init
 *(.rel.init)

.rela.init
 *(.rela.init)

.rel.text
 *(.rel.text)
 *(.rel.text.*)
 *(.rel.gnu.linkonce.t*)

.rela.text
 *(.rela.text)
 *(.rela.text.*)
 *(.rela.gnu.linkonce.t*)

.rel.fini
 *(.rel.fini)

.rela.fini
 *(.rela.fini)

.rel.rodata
 *(.rel.rodata)
 *(.rel.rodata.*)
 *(.rel.gnu.linkonce.r*)

.rela.rodata
 *(.rela.rodata)
 *(.rela.rodata.*)
 *(.rela.gnu.linkonce.r*)

.rel.data
 *(.rel.data)
 *(.rel.data.*)
 *(.rel.gnu.linkonce.d*)

.rela.data
 *(.rela.data)
 *(.rela.data.*)
 *(.rela.gnu.linkonce.d*)

.rel.ctors
 *(.rel.ctors)

.rela.ctors
 *(.rela.ctors)

.rel.dtors
 *(.rel.dtors)

.rela.dtors
 *(.rela.dtors)

.rel.got
 *(.rel.got)

.rela.got
 *(.rela.got)

.rel.bss
 *(.rel.bss)

.rela.bss
 *(.rela.bss)

.rel.plt
 *(.rel.plt)

.rela.plt
 *(.rela.plt)

.text           0x00000000      0x1fc
 *(.vectors)
 .vectors       0x00000000       0x7c /usr/lib/gcc/avr/14.1.0/../../../../avr/lib/avr5/crtatmega324pa.o
                0x00000000                __vectors
                0x00000000                __vector_default
 *(.vectors)
 *(.progmem.gcc*)
                0x0000007c                        . = ALIGN (0x2)
                0x0000007c                        __trampolines_start = .
 *(.trampolines)
 .trampolines   0x0000007c        0x0 linker stubs
 *(.trampolines*)
                0x0000007c                        __trampolines_end = .
 *libprintf_flt.a:*(.progmem.data)
 *libc.a:*(.progmem.data)
 *(.progmem.*)
                0x0000007c                        . = ALIGN (0x2)
 *(.lowtext)
 *(.lowtext*)
                0x0000007c                        __ctors_start = .
 *(.ctors)
                0x0000007c                        __ctors_end = .
                0x0000007c                        __dtors_start = .
 *(.dtors)
                0x0000007c                        __dtors_end = .
 SORT_BY_NAME(*)(.ctors)
 SORT_BY_NAME(*)(.dtors)
 *(.init0)
 .init0         0x0000007c        0x0 /usr/lib/gcc/avr/14.1.0/../../../../avr/lib/avr5/crtatmega324pa.o
                0x0000007c                __init
 *(.init0)
 *(.init1)
 *(.init1)
 *(.init2)
 .init2         0x0000007c        0xc /usr/lib/gcc/avr/14.1.0/../../../../avr/lib/avr5/crtatmega324pa.o
 *(.init2)
 *(.init3)
 *(.init3)
 *(.init4)
 .init4         0x00000088       0x10 /usr/lib/gcc/avr/14.1.0/avr5/libgcc.a(_clear_bss.o)
                0x00000088                __do_clear_bss
 *(.init4)
 *(.init5)
 *(.init5)
 *(.init6)
 *(.init6)
 *(.init7)
 *(.init7)
 *(.init8)
 *(.init8)
 *(.init9)
 .init9         0x00000098        0x8 /usr/lib/gcc/avr/14.1.0/../../../../avr/lib/avr5/crtatmega324pa.o
 *(.init9)
 *(.text)
 .text          0x000000a0        0x4 /usr/lib/gcc/avr/14.1.0/../../../../avr/lib/avr5/crtatmega324pa.o
                0x000000a0                __vector_22
                0x000000a0                __vector_28
                0x000000a0                __vector_24
                0x000000a0                __vector_12
                0x000000a0                __bad_interrupt
                0x000000a0                __vector_6
                0x000000a0                __vector_3
                0x000000a0                __vector_23
                0x000000a0                __vector_30
                0x000000a0                __vector_25
                0x000000a0                __vector_11
                0x000000a0                __vector_13
                0x000000a0                __vector_17
                0x000000a0                __vector_19
                0x000000a0                __vector_7
                0x000000a0                __vector_27
                0x000000a0                __vector_5
                0x000000a0                __vector_4
                0x000000a0                __vector_9
                0x000000a0                __vector_2
                0x000000a0                __vector_21
                0x000000a0                __vector_15
                0x000000a0                __vector_29
                0x000000a0                __vector_8
                0x000000a0                __vector_26
                0x000000a0                __vector_14
                0x000000a0                __vector_10
                0x000000a0                __vector_16
                0x000000a0                __vector_18
                0x000000a0                __vector_20
 .text          0x000000a4       0xae main.o
                0x000000ae                __vector_1
 .text          0x00000152        0x0 /usr/lib/gcc/avr/14.1.0/avr5/libgcc.a(_exit.o)
 .text          0x00000152        0x0 /usr/lib/gcc/avr/14.1.0/avr5/libgcc.a(_tablejump2.o)
 .text          0x00000152        0x0 /usr/lib/gcc/avr/14.1.0/avr5/libgcc.a(_clear_bss.o)
                0x00000152                        . = ALIGN (0x2)
 *(.text.*)
 .text.startup  0x00000152       0x8c main.o
                0x00000152                main
 .text.libgcc.mul
                0x000001de        0x0 /usr/lib/gcc/avr/14.1.0/avr5/libgcc.a(_exit.o)
 .text.libgcc.div
                0x000001de        0x0 /usr/lib/gcc/avr/14.1.0/avr5/libgcc.a(_exit.o)
 .text.libgcc   0x000001de        0x0 /usr/lib/gcc/avr/14.1.0/avr5/libgcc.a(_exit.o)
 .text.libgcc.prologue
                0x000001de        0x0 /usr/lib/gcc/avr/14.1.0/avr5/libgcc.a(_exit.o)
 .text.libgcc.builtins
                0x000001de        0x0 /usr/lib/gcc/avr/14.1.0/avr5/libgcc.a(_exit.o)
 .text.libgcc.fmul
                0x000001de        0x0 /usr/lib/gcc/avr/14.1.0/avr5/libgcc.a(_exit.o)
 .text.libgcc.fixed
                0x000001de        0x0 /usr/lib/gcc/avr/14.1.0/avr5/libgcc.a(_exit.o)
 .text.libgcc.mul
                0x000001de        0x0 /usr/lib/gcc/avr/14.1.0/avr5/libgcc.a(_tablejump2.o)
 .text.libgcc.div
                0x000001de        0x0 /usr/lib/gcc/avr/14.1.0/avr5/libgcc.a(_tablejump2.o)
 .text.libgcc   0x000001de        0xc /usr/lib/gcc/avr/14.1.0/avr5/libgcc.a(_tablejump2.o)
                0x000001de                __tablejump2__
 .text.libgcc.prologue
                0x000001ea        0x0 /usr/lib/gcc/avr/14.1.0/avr5/libgcc.a(_tablejump2.o)
 .text.libgcc.builtins
                0x000001ea        0x0 /usr/lib/gcc/avr/14.1.0/avr5/libgcc.a(_tablejump2.o)
 .text.libgcc.fmul
                0x000001ea        0x0 /usr/lib/gcc/avr/14.1.0/avr5/libgcc.a(_tablejump2.o)
 .text.libgcc.fixed
                0x000001ea        0x0 /usr/lib/gcc/avr/14.1.0/avr5/libgcc.a(_tablejump2.o)
 .text.libgcc.mul
                0x000001ea        0x0 /usr/lib/gcc/avr/14.1.0/avr5/libgcc.a(_clear_bss.o)
 .text.libgcc.div
                0x000001ea        0x0 /usr/lib/gcc/avr/14.1.0/avr5/libgcc.a(_clear_bss.o)
 .text.libgcc   0x000001ea        0x0 /usr/lib/gcc/avr/14.1.0/avr5/libgcc.a(_clear_bss.o)
 .text.libgcc.prologue
                0x000001ea        0x0 /usr/lib/gcc/avr/14.1.0/avr5/libgcc.a(_clear_bss.o)
 .text.libgcc.builtins
                0x000001ea        0x0 /usr/lib/gcc/avr/14.1.0/avr5/libgcc.a(_clear_bss.o)
 .text.libgcc.fmul
                0x000001ea        0x0 /usr/lib/gcc/avr/14.1.0/avr5/libgcc.a(_clear_bss.o)
 .text.libgcc.fixed
                0x000001ea        0x0 /usr/lib/gcc/avr/14.1.0/avr5/libgcc.a(_clear_bss.o)
                0x000001ea                        . = ALIGN (0x2)
 *(.fini9)
 .fini9         0x000001ea        0x0 /usr/lib/gcc/avr/14.1.0/avr5/libgcc.a(_exit.o)
                0x000001ea                exit
                0x000001ea                _exit
 *(.fini9)
 *(.fini8)
 *(.fini8)
 *(.fini7)
 *(.fini7)
 *(.fini6)
 *(.fini6)
 *(.fini5)
 *(.fini5)
 *(.fini4)
 *(.fini4)
 *(.fini3)
 *(.fini3)
 *(.fini2)
 *(.fini2)
 *(.fini1)
 *(.fini1)
 *(.fini0)
 .fini0         0x000001ea        0x4 /usr/lib/gcc/avr/14.1.0/avr5/libgcc.a(_exit.o)
 *(.fini0)
 *(.hightext)
 *(.hightext*)
 *(.progmemx.*)
                0x000001ee                        . = ALIGN (0x2)
 *(.jumptables)
 *(.jumptables*)
 .jumptables.gcc.main
                0x000001ee        0xe main.o
                0x000001fc                        _etext = .

.data           0x00800100        0x0 load address 0x000001fc
                [!provide]                        PROVIDE (__data_start = .)
 *(.data)
 .data          0x00800100        0x0 /usr/lib/gcc/avr/14.1.0/../../../../avr/lib/avr5/crtatmega324pa.o
 .data          0x00800100        0x0 main.o
 .data          0x00800100        0x0 /usr/lib/gcc/avr/14.1.0/avr5/libgcc.a(_exit.o)
 .data          0x00800100        0x0 /usr/lib/gcc/avr/14.1.0/avr5/libgcc.a(_tablejump2.o)
 .data          0x00800100        0x0 /usr/lib/gcc/avr/14.1.0/avr5/libgcc.a(_clear_bss.o)
 *(.data*)
 *(.gnu.linkonce.d*)
 *(.rodata)
 *(.rodata*)
 *(.gnu.linkonce.r*)
                0x00800100                        . = ALIGN (0x2)
                0x00800100                        _edata = .
                [!provide]                        PROVIDE (__data_end = .)

.bss            0x00800100        0x2
                0x00800100                        PROVIDE (__bss_start = .)
 *(.bss)
 .bss           0x00800100        0x0 /usr/lib/gcc/avr/14.1.0/../../../../avr/lib/avr5/crtatmega324pa.o
 .bss           0x00800100        0x2 main.o
 .bss           0x00800102        0x0 /usr/lib/gcc/avr/14.1.0/avr5/libgcc.a(_exit.o)
 .bss           0x00800102        0x0 /usr/lib/gcc/avr/14.1.0/avr5/libgcc.a(_tablejump2.o)
 .bss           0x00800102        0x0 /usr/lib/gcc/avr/14.1.0/avr5/libgcc.a(_clear_bss.o)
 *(.bss*)
 *(COMMON)
                0x00800102                        PROVIDE (__bss_end = .)
                0x000001fc                        __data_load_start = LOADADDR (.data)
                0x000001fc                        __data_load_end = (__data_load_start + SIZEOF (.data))

.noinit         0x00800102        0x0
                [!provide]                        PROVIDE (__noinit_start = .)
 *(.noinit .noinit.* .gnu.linkonce.n.*)
                [!provide]                        PROVIDE (__noinit_end = .)
                0x00800102                        _end = .
                [!provide]                        PROVIDE (__heap_start = .)
                [!provide]                        PROVIDE (__flmap_init_label = DEFINED (__flmap_noinit_start)?__flmap_noinit_start:0x0)
                [!provide]                        PROVIDE (__flmap = DEFINED (__flmap)?__flmap:0x0)

.eeprom         0x00810000        0x0
 *(.eeprom*)
                0x00810000                        __eeprom_end = .

.fuse
 *(.fuse)
 *(.lfuse)
 *(.hfuse)
 *(.efuse)

.lock
 *(.lock*)

.signature
 *(.signature*)

.stab
 *(.stab)

.stabstr
 *(.stabstr)

.stab.excl
 *(.stab.excl)

.stab.exclstr
 *(.stab.exclstr)

.stab.index
 *(.stab.index)

.stab.indexstr
 *(.stab.indexstr)

.comment        0x00000000       0x22
 *(.comment)
 .comment       0x00000000       0x22 main.o
                                 0x23 (size before relaxing)

.note.gnu.avr.deviceinfo
                0x00000000       0x40
 .note.gnu.avr.deviceinfo
                0x00000000       0x40 /usr/lib/gcc/avr/14.1.0/../../../../avr/lib/avr5/crtatmega324pa.o

.gnu.build.attributes
 *(.gnu.build.attributes .gnu.build.attributes.*)

.note.gnu.build-id
 *(.note.gnu.build-id)

.debug
 *(.debug)

.line
 *(.line)

.debug_srcinfo
 *(.debug_srcinfo)

.debug_sfnames
 *(.debug_sfnames)

.debug_aranges  0x00000000       0x88
 *(.debug_aranges)
 .debug_aranges
                0x00000000       0x28 main.o
 .debug_aranges
                0x00000028       0x20 /usr/lib/gcc/avr/14.1.0/avr5/libgcc.a(_exit.o)
 .debug_aranges
                0x00000048       0x20 /usr/lib/gcc/avr/14.1.0/avr5/libgcc.a(_tablejump2.o)
 .debug_aranges
                0x00000068       0x20 /usr/lib/gcc/avr/14.1.0/avr5/libgcc.a(_clear_bss.o)

.debug_pubnames
 *(.debug_pubnames)

.debug_info     0x00000000      0xa7c
 *(.debug_info .gnu.linkonce.wi.*)
 .debug_info    0x00000000      0x6cc /usr/lib/gcc/avr/14.1.0/../../../../avr/lib/avr5/crtatmega324pa.o
 .debug_info    0x000006cc      0x344 main.o
 .debug_info    0x00000a10       0x24 /usr/lib/gcc/avr/14.1.0/avr5/libgcc.a(_exit.o)
 .debug_info    0x00000a34       0x24 /usr/lib/gcc/avr/14.1.0/avr5/libgcc.a(_tablejump2.o)
 .debug_info    0x00000a58       0x24 /usr/lib/gcc/avr/14.1.0/avr5/libgcc.a(_clear_bss.o)

.debug_abbrev   0x00000000      0x89b
 *(.debug_abbrev)
 .debug_abbrev  0x00000000      0x66e /usr/lib/gcc/avr/14.1.0/../../../../avr/lib/avr5/crtatmega324pa.o
 .debug_abbrev  0x0000066e      0x1f1 main.o
 .debug_abbrev  0x0000085f       0x14 /usr/lib/gcc/avr/14.1.0/avr5/libgcc.a(_exit.o)
 .debug_abbrev  0x00000873       0x14 /usr/lib/gcc/avr/14.1.0/avr5/libgcc.a(_tablejump2.o)
 .debug_abbrev  0x00000887       0x14 /usr/lib/gcc/avr/14.1.0/avr5/libgcc.a(_clear_bss.o)

.debug_line     0x00000000      0x632
 *(.debug_line .debug_line.* .debug_line_end)
 .debug_line    0x00000000       0x1d /usr/lib/gcc/avr/14.1.0/../../../../avr/lib/avr5/crtatmega324pa.o
 .debug_line    0x0000001d      0x4e6 main.o
 .debug_line    0x00000503       0x51 /usr/lib/gcc/avr/14.1.0/avr5/libgcc.a(_exit.o)
 .debug_line    0x00000554       0x69 /usr/lib/gcc/avr/14.1.0/avr5/libgcc.a(_tablejump2.o)
 .debug_line    0x000005bd       0x75 /usr/lib/gcc/avr/14.1.0/avr5/libgcc.a(_clear_bss.o)

.debug_frame    0x00000000       0x54
 *(.debug_frame)
 .debug_frame   0x00000000       0x54 main.o

.debug_str      0x00000000      0x540
 *(.debug_str)
 .debug_str     0x00000000      0x255 /usr/lib/gcc/avr/14.1.0/../../../../avr/lib/avr5/crtatmega324pa.o
 .debug_str     0x00000255      0x2eb main.o
                                0x2ac (size before relaxing)
 .debug_str     0x00000540       0x7d /usr/lib/gcc/avr/14.1.0/avr5/libgcc.a(_exit.o)
 .debug_str     0x00000540       0x7d /usr/lib/gcc/avr/14.1.0/avr5/libgcc.a(_tablejump2.o)
 .debug_str     0x00000540       0x7d /usr/lib/gcc/avr/14.1.0/avr5/libgcc.a(_clear_bss.o)

.debug_loc
 *(.debug_loc)

.debug_macinfo
 *(.debug_macinfo)

.debug_weaknames
 *(.debug_weaknames)

.debug_funcnames
 *(.debug_funcnames)

.debug_typenames
 *(.debug_typenames)

.debug_varnames
 *(.debug_varnames)

.debug_pubtypes
 *(.debug_pubtypes)

.debug_ranges
 *(.debug_ranges)

.debug_addr
 *(.debug_addr)

.debug_line_str
                0x00000000       0xdd
 *(.debug_line_str)
 .debug_line_str
                0x00000000       0xdd main.o
                                 0xa9 (size before relaxing)
 .debug_line_str
                0x000000dd       0x71 /usr/lib/gcc/avr/14.1.0/avr5/libgcc.a(_exit.o)
 .debug_line_str
                0x000000dd       0x71 /usr/lib/gcc/avr/14.1.0/avr5/libgcc.a(_tablejump2.o)
 .debug_line_str
                0x000000dd       0x71 /usr/lib/gcc/avr/14.1.0/avr5/libgcc.a(_clear_bss.o)

.debug_loclists
                0x00000000      0x123
 *(.debug_loclists)
 .debug_loclists
                0x00000000      0x123 main.o

.debug_macro
 *(.debug_macro)

.debug_names
 *(.debug_names)

.debug_rnglists
                0x00000000       0x36
 *(.debug_rnglists)
 .debug_rnglists
                0x00000000       0x36 main.o

.debug_str_offsets
 *(.debug_str_offsets)

.debug_sup
 *(.debug_sup)
OUTPUT(04-tp4.elf elf32-avr)
LOAD linker stubs
